src/000_unused_import.php:3 PhanUnreferencedUseNormal Possibly zero references to use statement for classlike/namespace CustomException (\Test\CustomException)
