src/001_global_ns.php:6 UndeclaredTypeInInlineVar The classlike \MyOtherClass in this "var" statement is undeclared (generated by InlineVar plugin)
src/001_global_ns.php:9 UndeclaredTypeInInlineVar The classlike \MyNS\MyUndeclaredClass in this "var" statement is undeclared (generated by InlineVar plugin)
src/001_global_ns.php:12 UndeclaredTypeInInlineVar The classlike \MyOtherNS\MyOtherClass in this "var" statement is undeclared (generated by InlineVar plugin)
src/001_global_ns.php:18 UndeclaredTypeInInlineVar The classlike \ast\TypoNode in this "var" statement is undeclared (generated by InlineVar plugin)
src/002_namespaced_class.php:8 UndeclaredTypeInInlineVar The classlike \MyOtherNS\MyClass in this "var" statement is undeclared (generated by InlineVar plugin)
src/002_namespaced_class.php:17 UndeclaredTypeInInlineVar The classlike \SomeClass in this "var" statement is undeclared (generated by InlineVar plugin)
src/002_namespaced_class.php:23 UndeclaredTypeInInlineVar The classlike \MyOtherNS\ast\Node in this "var" statement is undeclared (generated by InlineVar plugin)
src/002_namespaced_class.php:23 UndeclaredTypeInInlineVar The classlike \MyOtherNS\ast\Node\Decl in this "var" statement is undeclared (generated by InlineVar plugin)
