src/000_unused_imports.php:3 PhanUnreferencedUseNormal Possibly zero references to use statement for classlike/namespace Number1 (\Annotations\Number1)
src/000_unused_imports.php:4 PhanUnreferencedUseNormal Possibly zero references to use statement for classlike/namespace Number2 (\Annotations\Number2)
src/001_class_not_imported.php:7 AnnotationNotImported The classlike \Number1 annotation is undeclared (generated by DrensoAnnotation plugin)
src/001_class_not_imported.php:7 AnnotationNotImported The classlike \Number2 annotation is undeclared (generated by DrensoAnnotation plugin)
src/003_method_not_imported.php:9 AnnotationNotImported The classlike \Number1 annotation is undeclared (generated by DrensoAnnotation plugin)
src/003_method_not_imported.php:9 AnnotationNotImported The classlike \Number2 annotation is undeclared (generated by DrensoAnnotation plugin)
src/005_property_not_imported.php:10 AnnotationNotImported The classlike \Number1 annotation is undeclared (generated by DrensoAnnotation plugin)
src/005_property_not_imported.php:10 AnnotationNotImported The classlike \Number2 annotation is undeclared (generated by DrensoAnnotation plugin)
src/007_class_constant_not_imported.php:11 ClassNameResolutionNotImported The classlike \Number2 used for class name resolution (::class) is undeclared (generated by DrensoAnnotation plugin)
